// Jest Snapshot v1, https://goo.gl/fbAQLP

exports[`Collection Item Tests Should render CollectionItem component 1`] = `ShallowWrapper {}`;
