// Jest Snapshot v1, https://goo.gl/fbAQLP

exports[`ShopPage Test Should render ShopPage Component 1`] = `ReactWrapper {}`;
