// Jest Snapshot v1, https://goo.gl/fbAQLP

exports[`Collection Overview Component Should render Collection Overview component 1`] = `ShallowWrapper {}`;
