// Jest Snapshot v1, https://goo.gl/fbAQLP

exports[`CheckOutPage tests Should render Checkout Page 1`] = `ShallowWrapper {}`;
