// Jest Snapshot v1, https://goo.gl/fbAQLP

exports[`FormInput Component Tests Should render FormInput component 1`] = `ShallowWrapper {}`;
