// Jest Snapshot v1, https://goo.gl/fbAQLP

exports[`Menu Item Tests Should render MenuItem component 1`] = `ShallowWrapper {}`;
