// Jest Snapshot v1, https://goo.gl/fbAQLP

exports[`HomePage Test Should render HomePage component 1`] = `ShallowWrapper {}`;
