// Jest Snapshot v1, https://goo.gl/fbAQLP

exports[`CollectionPage Tests Should render the CollectionPage Component 1`] = `ShallowWrapper {}`;
