// Jest Snapshot v1, https://goo.gl/fbAQLP

exports[`CartIcon Component Tests Should render CartIcon Component 1`] = `ShallowWrapper {}`;
