// Jest Snapshot v1, https://goo.gl/fbAQLP

exports[`Collection Preview Tests Should render Collection Preview Component 1`] = `ShallowWrapper {}`;
