// Jest Snapshot v1, https://goo.gl/fbAQLP

exports[`Header Component Tests Should render Header component 1`] = `ShallowWrapper {}`;
