// Jest Snapshot v1, https://goo.gl/fbAQLP

exports[`Directory tests Should render Directory Component 1`] = `ShallowWrapper {}`;
