// Jest Snapshot v1, https://goo.gl/fbAQLP

exports[`CustomButton Tests Should render CustomButton component 1`] = `ShallowWrapper {}`;
