// Jest Snapshot v1, https://goo.gl/fbAQLP

exports[`CartDropdown Component Should render CartDropdown Component 1`] = `ShallowWrapper {}`;
