// Jest Snapshot v1, https://goo.gl/fbAQLP

exports[`CartItem component tests Should render CartItem component 1`] = `ShallowWrapper {}`;
